

Info: Logic utilisation before packing:
Info:     Total LUT4s:     33909/83640    40%
Info:         logic LUTs:  32825/83640    39%
Info:         carry LUTs:    448/83640     0%
Info:           RAM LUTs:    424/10455     4%
Info:          RAMW LUTs:    212/20910     1%

Info:      Total DFFs:      9218/83640    11%

Info: Packing IOs..
Info: Packing constants..
Info: Packing carries...
Info: Packing LUTs...
Info: Packing LUT5-7s...
Info: Packing FFs...
Info:     8622 FFs paired with LUTs.
Info: Generating derived timing constraints...
Info: Promoting globals...
Info:     promoting clock net clk$TRELLIS_IO_IN to global network
Info: Checksum: 0x67358cec

Info: Device utilisation:
Info: 	          TRELLIS_IO:     357/    365    97%
Info: 	                DCCA:       1/     56     1%
Info: 	              DP16KD:      32/    208    15%
Info: 	          MULT18X18D:       3/    156     1%
Info: 	              ALU54B:       0/     78     0%
Info: 	             EHXPLLL:       0/      4     0%
Info: 	             EXTREFB:       0/      2     0%
Info: 	                DCUA:       0/      2     0%
Info: 	           PCSCLKDIV:       0/      2     0%
Info: 	             IOLOGIC:       0/    224     0%
Info: 	            SIOLOGIC:       0/    141     0%
Info: 	                 GSR:       0/      1     0%
Info: 	               JTAGG:       0/      1     0%
Info: 	                OSCG:       0/      1     0%
Info: 	               SEDGA:       0/      1     0%
Info: 	                 DTR:       0/      1     0%
Info: 	             USRMCLK:       0/      1     0%
Info: 	             CLKDIVF:       0/      4     0%
Info: 	           ECLKSYNCB:       0/     10     0%
Info: 	             DLLDELD:       0/      8     0%
Info: 	              DDRDLL:       0/      4     0%
Info: 	             DQSBUFM:       0/     14     0%
Info: 	     TRELLIS_ECLKBUF:       0/      8     0%
Info: 	        ECLKBRIDGECS:       0/      2     0%
Info: 	                DCSC:       0/      2     0%
Info: 	          TRELLIS_FF:    9218/  83640    11%
Info: 	        TRELLIS_COMB:   33995/  83640    40%
Info: 	        TRELLIS_RAMW:     106/  10455     1%

Info: Placed 0 cells based on constraints.
Info: Creating initial analytic placement for 30741 cells, random placement wirelen = 3091144.
Info:     at initial placer iter 0, wirelen = 27608
Info:     at initial placer iter 1, wirelen = 25205
Info:     at initial placer iter 2, wirelen = 25103
Info:     at initial placer iter 3, wirelen = 24562
Info: Running main analytical placer, max placement attempts per cell = 238842368.
Info:     at iteration #1, type ALL: wirelen solved = 24423, spread = 636574, legal = 634151; time = 1.69s
Info:     at iteration #2, type ALL: wirelen solved = 43278, spread = 568190, legal = 570454; time = 1.76s
Info:     at iteration #3, type ALL: wirelen solved = 87172, spread = 485321, legal = 491205; time = 1.75s
Info:     at iteration #4, type ALL: wirelen solved = 155070, spread = 416085, legal = 419473; time = 1.72s
Info:     at iteration #5, type ALL: wirelen solved = 199388, spread = 384143, legal = 389497; time = 1.58s
Info:     at iteration #6, type ALL: wirelen solved = 214176, spread = 369008, legal = 376555; time = 1.64s
Info:     at iteration #7, type ALL: wirelen solved = 238633, spread = 362084, legal = 368071; time = 1.63s
Info:     at iteration #8, type ALL: wirelen solved = 254146, spread = 361185, legal = 371079; time = 1.63s
Info:     at iteration #9, type ALL: wirelen solved = 268685, spread = 358832, legal = 362565; time = 1.66s
Info:     at iteration #10, type ALL: wirelen solved = 277902, spread = 357771, legal = 360990; time = 1.57s
Info:     at iteration #11, type ALL: wirelen solved = 286585, spread = 353888, legal = 359739; time = 1.63s
Info:     at iteration #12, type ALL: wirelen solved = 289587, spread = 354069, legal = 355977; time = 1.52s
Info: HeAP Placer Time: 29.32s
Info:   of which solving equations: 21.75s
Info:   of which spreading cells: 2.54s
Info:   of which strict legalisation: 0.56s

Info: Running simulated annealing placer for refinement.
Info:   at iteration #1: temp = 0.000000, timing cost = 15511, wirelen = 355977
Info:   at iteration #5: temp = 0.000000, timing cost = 15886, wirelen = 329338
Info:   at iteration #10: temp = 0.000000, timing cost = 15094, wirelen = 321115
Info:   at iteration #15: temp = 0.000000, timing cost = 14835, wirelen = 318627
Info:   at iteration #20: temp = 0.000000, timing cost = 14806, wirelen = 317529
Info:   at iteration #25: temp = 0.000000, timing cost = 14783, wirelen = 317197
Info:   at iteration #30: temp = 0.000000, timing cost = 14778, wirelen = 317088
Info:   at iteration #35: temp = 0.000000, timing cost = 14874, wirelen = 317003
Info:   at iteration #40: temp = 0.000000, timing cost = 14774, wirelen = 316945
Info:   at iteration #45: temp = 0.000000, timing cost = 14869, wirelen = 316923
Info:   at iteration #50: temp = 0.000000, timing cost = 14774, wirelen = 316896
Info:   at iteration #52: temp = 0.000000, timing cost = 14773, wirelen = 316890 
Info: SA placement time 284.96s

Info: Max frequency for clock '$glbnet$clk$TRELLIS_IO_IN': 14.52 MHz (FAIL at 100.00 MHz)

Info: Max delay <async>                           -> posedge $glbnet$clk$TRELLIS_IO_IN: 33.02 ns
Info: Max delay posedge $glbnet$clk$TRELLIS_IO_IN -> <async>                          : 17.89 ns

Info: Slack histogram:
Info:  legend: * represents 89 endpoint(s)
Info:          + represents [1,89) endpoint(s)
Info: [-58886, -55479) |+
Info: [-55479, -52072) |+
Info: [-52072, -48665) |+
Info: [-48665, -45258) |+
Info: [-45258, -41851) |+
Info: [-41851, -38444) | 
Info: [-38444, -35037) | 
Info: [-35037, -31630) |+
Info: [-31630, -28223) |+
Info: [-28223, -24816) |****+
Info: [-24816, -21409) |************************************************************ 
Info: [-21409, -18002) |****************************+
Info: [-18002, -14595) |***+
Info: [-14595, -11188) |*****************************+
Info: [-11188,  -7781) |*************************************************+
Info: [ -7781,  -4374) |**************+
Info: [ -4374,   -967) |****+
Info: [  -967,   2440) |********+
Info: [  2440,   5847) |************+
Info: [  5847,   9254) |******************************+
Info: Checksum: 0x7a7511fe
Info: Routing globals...
Info:     routing clock net $glbnet$clk$TRELLIS_IO_IN using global 0

Info: Routing..
Info: Setting up routing queue.
Info: Routing 146607 arcs.
Info:            |   (re-)routed arcs  |   delta    | remaining|       time spent     |
Info:    IterCnt |  w/ripup   wo/ripup |  w/r  wo/r |      arcs| batch(sec) total(sec)|
Info:       1000 |      254        745 |  254   745 |    146059|       1.66       1.66|
Info:       2000 |      443       1556 |  189   811 |    145394|       0.23       1.89|
Info:       3000 |      578       2421 |  135   865 |    145086|       0.24       2.14|
Info:       4000 |      812       3187 |  234   766 |    144519|       0.26       2.40|
Info:       5000 |      946       4053 |  134   866 |    143894|       0.24       2.64|
Info:       6000 |     1055       4944 |  109   891 |    143452|       0.25       2.88|
Info:       7000 |     1193       5806 |  138   862 |    142686|       0.24       3.12|
Info:       8000 |     1358       6641 |  165   835 |    142006|       0.24       3.36|
Info:       9000 |     1487       7512 |  129   871 |    141468|       0.25       3.60|
Info:      10000 |     1641       8358 |  154   846 |    141655|       0.24       3.84|
Info:      11000 |     1728       9271 |   87   913 |    140772|       0.24       4.08|
Info:      12000 |     1860      10139 |  132   868 |    139958|       0.23       4.31|
Info:      13000 |     1996      11003 |  136   864 |    139885|       0.25       4.56|
Info:      14000 |     2102      11897 |  106   894 |    139107|       0.23       4.79|
Info:      15000 |     2247      12752 |  145   855 |    138303|       0.25       5.04|
Info:      16000 |     2402      13597 |  155   845 |    137506|       0.24       5.28|
Info:      17000 |     2504      14495 |  102   898 |    137157|       0.26       5.54|
Info:      18000 |     2655      15344 |  151   849 |    136453|       0.25       5.79|
Info:      19000 |     2868      16131 |  213   787 |    135778|       0.26       6.05|
Info:      20000 |     2972      17027 |  104   896 |    136925|       0.27       6.33|
Info:      21000 |     3030      17969 |   58   942 |    138679|       0.25       6.58|
Info:      22000 |     3083      18916 |   53   947 |    137763|       0.27       6.84|
Info:      23000 |     3142      19857 |   59   941 |    136792|       0.28       7.12|
Info:      24000 |     3217      20782 |   75   925 |    135862|       0.23       7.35|
Info:      25000 |     3279      21720 |   62   938 |    136441|       0.27       7.63|
Info:      26000 |     3341      22658 |   62   938 |    135542|       0.31       7.93|
Info:      27000 |     3518      23481 |  177   823 |    135184|       0.28       8.21|
Info:      28000 |     3683      24316 |  165   835 |    134618|       0.30       8.51|
Info:      29000 |     3892      25107 |  209   791 |    133940|       0.35       8.86|
Info:      30000 |     4103      25896 |  211   789 |    133352|       0.34       9.20|
Info:      31000 |     4282      26717 |  179   821 |    132601|       0.34       9.54|
Info:      32000 |     4476      27523 |  194   806 |    132729|       0.35       9.89|
Info:      33000 |     4632      28367 |  156   844 |    133103|       0.40      10.29|
Info:      34000 |     4839      29160 |  207   793 |    132736|       0.40      10.70|
Info:      35000 |     4983      30016 |  144   856 |    132117|       0.34      11.03|
Info:      36000 |     5180      30819 |  197   803 |    131579|       0.35      11.38|
Info:      37000 |     5357      31642 |  177   823 |    131017|       0.36      11.74|
Info:      38000 |     5575      32424 |  218   782 |    131272|       0.32      12.06|
Info:      39000 |     5744      33255 |  169   831 |    131211|       0.31      12.37|
Info:      40000 |     5930      34069 |  186   814 |    130591|       0.34      12.70|
Info:      41000 |     6185      34814 |  255   745 |    129886|       0.35      13.06|
Info:      42000 |     6398      35601 |  213   787 |    129573|       0.34      13.40|
Info:      43000 |     6609      36390 |  211   789 |    129163|       0.34      13.73|
Info:      44000 |     6840      37159 |  231   769 |    128570|       0.35      14.09|
Info:      45000 |     7104      37895 |  264   736 |    127986|       0.35      14.44|
Info:      46000 |     7294      38705 |  190   810 |    127522|       0.33      14.77|
Info:      47000 |     7412      39587 |  118   882 |    128129|       0.39      15.16|
Info:      48000 |     7497      40502 |   85   915 |    127320|       0.34      15.50|
Info:      49000 |     7676      41323 |  179   821 |    127014|       0.38      15.88|
Info:      50000 |     7874      42125 |  198   802 |    126429|       0.37      16.25|
Info:      51000 |     8058      42941 |  184   816 |    125667|       0.35      16.59|
Info:      52000 |     8180      43819 |  122   878 |    125644|       0.33      16.93|
Info:      53000 |     8275      44724 |   95   905 |    124956|       0.34      17.27|
Info:      54000 |     8425      45574 |  150   850 |    124765|       0.35      17.63|
Info:      55000 |     8492      46507 |   67   933 |    124930|       0.46      18.09|
Info:      56000 |     8557      47442 |   65   935 |    124946|       0.42      18.50|
Info:      57000 |     8727      48272 |  170   830 |    124301|       0.36      18.87|
Info:      58000 |     8805      49194 |   78   922 |    125070|       0.40      19.27|
Info:      59000 |     8869      50130 |   64   936 |    125037|       0.39      19.66|
Info:      60000 |     8932      51067 |   63   937 |    124128|       0.35      20.01|
Info:      61000 |     9162      51837 |  230   770 |    123588|       0.39      20.40|
Info:      62000 |     9211      52788 |   49   951 |    123277|       0.38      20.77|
Info:      63000 |     9373      53626 |  162   838 |    122565|       0.37      21.15|
Info:      64000 |     9503      54496 |  130   870 |    122101|       0.38      21.53|
Info:      65000 |     9635      55364 |  132   868 |    121959|       0.32      21.85|
Info:      66000 |     9746      56253 |  111   889 |    121680|       0.36      22.21|
Info:      67000 |     9929      57070 |  183   817 |    120973|       0.33      22.54|
Info:      68000 |    10105      57894 |  176   824 |    120885|       0.36      22.90|
Info:      69000 |    10295      58704 |  190   810 |    120142|       0.33      23.23|
Info:      70000 |    10339      59660 |   44   956 |    120720|       0.31      23.54|
Info:      71000 |    10408      60591 |   69   931 |    120694|       0.36      23.90|
Info:      72000 |    10566      61433 |  158   842 |    120688|       0.34      24.24|
Info:      73000 |    10691      62308 |  125   875 |    119907|       0.32      24.57|
Info:      74000 |    10923      63076 |  232   768 |    119633|       0.33      24.90|
Info:      75000 |    11088      63911 |  165   835 |    119116|       0.34      25.24|
Info:      76000 |    11248      64751 |  160   840 |    118377|       0.31      25.54|
Info:      77000 |    11437      65562 |  189   811 |    117782|       0.33      25.87|
Info:      78000 |    11609      66390 |  172   828 |    117208|       0.32      26.19|
Info:      79000 |    11793      67206 |  184   816 |    117248|       0.33      26.52|
Info:      80000 |    11859      68140 |   66   934 |    116825|       0.35      26.87|
Info:      81000 |    12082      68917 |  223   777 |    116207|       0.35      27.22|
Info:      82000 |    12279      69720 |  197   803 |    115598|       0.34      27.56|
Info:      83000 |    12304      70695 |   25   975 |    116770|       0.45      28.01|
Info:      84000 |    12320      71679 |   16   984 |    115798|       0.43      28.44|
Info:      85000 |    12485      72514 |  165   835 |    115643|       0.41      28.85|
Info:      86000 |    12662      73337 |  177   823 |    115238|       0.42      29.27|
Info:      87000 |    12841      74158 |  179   821 |    114566|       0.46      29.73|
Info:      88000 |    13064      74935 |  223   777 |    114985|       0.44      30.17|
Info:      89000 |    13274      75725 |  210   790 |    114286|       0.40      30.56|
Info:      90000 |    13484      76515 |  210   790 |    113920|       0.42      30.98|
Info:      91000 |    13644      77355 |  160   840 |    113792|       0.48      31.46|
Info:      92000 |    13744      78255 |  100   900 |    113856|       0.46      31.91|
Info:      93000 |    13888      79111 |  144   856 |    113613|       0.46      32.38|
Info:      94000 |    14077      79922 |  189   811 |    113598|       0.45      32.83|
Info:      95000 |    14273      80726 |  196   804 |    112879|       0.43      33.26|
Info:      96000 |    14371      81628 |   98   902 |    112842|       0.38      33.63|
Info:      97000 |    14576      82423 |  205   795 |    112224|       0.39      34.02|
Info:      98000 |    14759      83240 |  183   817 |    111939|       0.42      34.44|
Info:      99000 |    14964      84035 |  205   795 |    111306|       0.40      34.84|
Info:     100000 |    15195      84804 |  231   769 |    111017|       0.42      35.26|
Info:     101000 |    15388      85611 |  193   807 |    110480|       0.51      35.77|
Info:     102000 |    15621      86378 |  233   767 |    110399|       0.57      36.34|
Info:     103000 |    15746      87253 |  125   875 |    109805|       0.51      36.85|
Info:     104000 |    15890      88109 |  144   856 |    110555|       0.43      37.28|
Info:     105000 |    15923      89076 |   33   967 |    110504|       0.39      37.67|
Info:     106000 |    15971      90028 |   48   952 |    109585|       0.35      38.02|
Info:     107000 |    16076      90923 |  105   895 |    111580|       0.45      38.47|
Info:     108000 |    16085      91914 |    9   991 |    110593|       0.35      38.83|
Info:     109000 |    16095      92904 |   10   990 |    109611|       0.39      39.21|
Info:     110000 |    16249      93750 |  154   846 |    109110|       0.41      39.62|
Info:     111000 |    16362      94637 |  113   887 |    110010|       0.40      40.02|
Info:     112000 |    16416      95583 |   54   946 |    109074|       0.40      40.42|
Info:     113000 |    16625      96374 |  209   791 |    108721|       0.46      40.89|
Info:     114000 |    16784      97215 |  159   841 |    109448|       0.49      41.37|
Info:     115000 |    16870      98129 |   86   914 |    108561|       0.36      41.73|
Info:     116000 |    17096      98903 |  226   774 |    108654|       0.38      42.11|
Info:     117000 |    17169      99830 |   73   927 |    109419|       0.35      42.46|
Info:     118000 |    17215     100784 |   46   954 |    109781|       0.34      42.80|
Info:     119000 |    17245     101754 |   30   970 |    108869|       0.39      43.19|
Info:     120000 |    17360     102639 |  115   885 |    108208|       0.42      43.61|
Info:     121000 |    17624     103375 |  264   736 |    107872|       0.54      44.15|
Info:     122000 |    17723     104276 |   99   901 |    109567|       0.49      44.64|
Info:     123000 |    17762     105237 |   39   961 |    108613|       0.38      45.02|
Info:     124000 |    17799     106200 |   37   963 |    110649|       0.44      45.46|
Info:     125000 |    17855     107144 |   56   944 |    110926|       0.45      45.91|
Info:     126000 |    17883     108116 |   28   972 |    110970|       0.44      46.35|
Info:     127000 |    17933     109066 |   50   950 |    111890|       0.47      46.82|
Info:     128000 |    17973     110026 |   40   960 |    111256|       0.46      47.28|
Info:     129000 |    18011     110988 |   38   962 |    110303|       0.43      47.71|
Info:     130000 |    18060     111939 |   49   951 |    109362|       0.39      48.11|
Info:     131000 |    18117     112882 |   57   943 |    108457|       0.41      48.51|
Info:     132000 |    18184     113815 |   67   933 |    107731|       0.35      48.87|
Info:     133000 |    18438     114561 |  254   746 |    107428|       0.51      49.38|
Info:     134000 |    18517     115482 |   79   921 |    107770|       0.45      49.82|
Info:     135000 |    18603     116396 |   86   914 |    107231|       0.43      50.25|
Info:     136000 |    18876     117123 |  273   727 |    106873|       0.56      50.81|
Info:     137000 |    19074     117925 |  198   802 |    106520|       0.52      51.33|
Info:     138000 |    19303     118696 |  229   771 |    106340|       0.51      51.84|
Info:     139000 |    19537     119462 |  234   766 |    105844|       0.56      52.40|
Info:     140000 |    19732     120267 |  195   805 |    107098|       0.48      52.88|
Info:     141000 |    19811     121188 |   79   921 |    106291|       0.51      53.39|
Info:     142000 |    19901     122098 |   90   910 |    105766|       0.44      53.83|
Info:     143000 |    20075     122924 |  174   826 |    108063|       0.64      54.47|
Info:     144000 |    20124     123875 |   49   951 |    107189|       0.42      54.88|
Info:     145000 |    20160     124839 |   36   964 |    106278|       0.36      55.24|
Info:     146000 |    20213     125786 |   53   947 |    105370|       0.36      55.60|
Info:     147000 |    20407     126592 |  194   806 |    106099|       0.47      56.07|
Info:     148000 |    20559     127440 |  152   848 |    105317|       0.50      56.58|
Info:     149000 |    20581     128418 |   22   978 |    105422|       0.39      56.97|
Info:     150000 |    20657     129342 |   76   924 |    105251|       0.34      57.31|
Info:     151000 |    20859     130140 |  202   798 |    105013|       0.56      57.87|
Info:     152000 |    20982     131017 |  123   877 |    106299|       0.53      58.40|
Info:     153000 |    20992     132007 |   10   990 |    105308|       0.40      58.79|
Info:     154000 |    21081     132918 |   89   911 |    104900|       0.40      59.19|
Info:     155000 |    21186     133813 |  105   895 |    107235|       0.58      59.77|
Info:     156000 |    21189     134810 |    3   997 |    106238|       0.39      60.16|
Info:     157000 |    21211     135788 |   22   978 |    105887|       0.38      60.53|
Info:     158000 |    21228     136771 |   17   983 |    105361|       0.35      60.88|
Info:     159000 |    21319     137680 |   91   909 |    104719|       0.46      61.34|
Info:     160000 |    21497     138502 |  178   822 |    107447|       0.71      62.05|
Info:     161000 |    21534     139465 |   37   963 |    106523|       0.40      62.45|
Info:     162000 |    21552     140447 |   18   982 |    105542|       0.32      62.78|
Info:     163000 |    21585     141414 |   33   967 |    104654|       0.32      63.10|
Info:     164000 |    21718     142281 |  133   867 |    104231|       0.65      63.75|
Info:     165000 |    21963     143036 |  245   755 |    104279|       0.65      64.40|
Info:     166000 |    22189     143810 |  226   774 |    103723|       0.74      65.14|
Info:     167000 |    22357     144642 |  168   832 |    106371|       0.71      65.85|
Info:     168000 |    22361     145638 |    4   996 |    105387|       0.45      66.30|
Info:     169000 |    22451     146548 |   90   910 |    105231|       0.44      66.74|
Info:     170000 |    22466     147533 |   15   985 |    104246|       0.39      67.13|
Info:     171000 |    22579     148420 |  113   887 |    103597|       0.65      67.78|
Info:     172000 |    22865     149134 |  286   714 |    103345|       0.82      68.60|
Info:     173000 |    23116     149883 |  251   749 |    103706|       0.87      69.47|
Info:     174000 |    23206     150793 |   90   910 |    103111|       0.45      69.92|
Info:     175000 |    23373     151626 |  167   833 |    105979|       0.96      70.88|
Info:     176000 |    23385     152614 |   12   988 |    105080|       0.54      71.42|
Info:     177000 |    23390     153609 |    5   995 |    104393|       0.61      72.03|
Info:     178000 |    23404     154595 |   14   986 |    103461|       0.59      72.62|
Info:     179000 |    23536     155463 |  132   868 |    102870|       0.71      73.33|
Info:     180000 |    23595     156404 |   59   941 |    105338|       0.45      73.78|
Info:     181000 |    23620     157379 |   25   975 |    104390|       0.34      74.13|
Info:     182000 |    23631     158368 |   11   989 |    103401|       0.30      74.43|
Info:     183000 |    23706     159293 |   75   925 |    102859|       0.46      74.88|
Info:     184000 |    23937     160062 |  231   769 |    102662|       0.86      75.74|
Info:     185000 |    24234     160765 |  297   703 |    102248|       1.38      77.13|
Info:     186000 |    24456     161543 |  222   778 |    102382|       0.87      78.00|
Info:     187000 |    24637     162362 |  181   819 |    101764|       1.05      79.05|
Info:     188000 |    24756     163243 |  119   881 |    102272|       0.41      79.46|
Info:     189000 |    24926     164073 |  170   830 |    102186|       0.41      79.86|
Info:     190000 |    25113     164886 |  187   813 |    102768|       1.83      81.69|
Info:     191000 |    25159     165840 |   46   954 |    101843|       0.39      82.08|
Info:     192000 |    25284     166715 |  125   875 |    101657|       0.61      82.69|
Info:     193000 |    25560     167439 |  276   724 |    101280|       2.16      84.85|
Info:     194000 |    25700     168299 |  140   860 |    102687|       0.51      85.36|
Info:     195000 |    25805     169194 |  105   895 |    101797|       0.37      85.72|
Info:     196000 |    25980     170019 |  175   825 |    101228|       0.53      86.25|
Info:     197000 |    26238     170761 |  258   742 |    100842|       0.87      87.12|
Info:     198000 |    26363     171636 |  125   875 |    101928|       0.98      88.10|
Info:     199000 |    26383     172616 |   20   980 |    100956|       0.43      88.52|
Info:     200000 |    26449     173550 |   66   934 |    102076|       0.43      88.96|
Info:     201000 |    26473     174526 |   24   976 |    101143|       0.39      89.34|
Info:     202000 |    26557     175442 |   84   916 |    101847|       0.61      89.95|
Info:     203000 |    26586     176413 |   29   971 |    101159|       0.39      90.34|
Info:     204000 |    26695     177304 |  109   891 |    100724|       0.52      90.86|
Info:     205000 |    26733     178266 |   38   962 |    100705|       0.72      91.58|
Info:     206000 |    26753     179246 |   20   980 |    103251|       1.66      93.24|
Info:     207000 |    26754     180245 |    1   999 |    102252|       2.25      95.49|
Info:     208000 |    26763     181236 |    9   991 |    101299|       1.84      97.33|
Info:     209000 |    26895     182104 |  132   868 |    100554|       2.62      99.95|
Info:     210000 |    27072     182927 |  177   823 |    100544|       1.13     101.09|
Info:     211000 |    27131     183868 |   59   941 |    100515|       0.49     101.58|
Info:     212000 |    27296     184703 |  165   835 |    100370|       2.47     104.05|
Info:     213000 |    27416     185583 |  120   880 |    100104|       1.12     105.17|
Info:     214000 |    27576     186423 |  160   840 |    100412|       4.48     109.66|
Info:     215000 |    27596     187403 |   20   980 |    100099|       3.50     113.16|
Info:     216000 |    27750     188249 |  154   846 |     99734|       2.17     115.33|
Info:     217000 |    28071     188928 |  321   679 |     99407|       3.33     118.66|
Info:     218000 |    28309     189690 |  238   762 |     99238|       3.11     121.78|
Info:     219000 |    28534     190465 |  225   775 |     99005|       2.32     124.09|
Info:     220000 |    28823     191176 |  289   711 |     98738|       2.15     126.25|
Info:     221000 |    28915     192084 |   92   908 |     99881|       1.00     127.25|
Info:     222000 |    28950     193049 |   35   965 |     99252|       0.68     127.93|
Info:     223000 |    28989     194010 |   39   961 |     98903|       1.19     129.12|
Info:     224000 |    29058     194941 |   69   931 |    100501|       1.69     130.81|
Info:     225000 |    29067     195932 |    9   991 |    100309|       1.98     132.78|
Info:     226000 |    29073     196926 |    6   994 |    100130|       1.87     134.65|
Info:     227000 |    29087     197912 |   14   986 |     99146|       1.47     136.12|
Info:     228000 |    29194     198805 |  107   893 |     99047|       2.07     138.20|
Info:     229000 |    29319     199680 |  125   875 |     98575|       0.77     138.97|
Info:     230000 |    29511     200488 |  192   808 |     98856|       1.01     139.98|
Info:     231000 |    29708     201291 |  197   803 |     98304|       0.98     140.96|
Info:     232000 |    29989     202010 |  281   719 |     98069|       4.57     145.53|
Info:     233000 |    30115     202884 |  126   874 |     98405|      12.56     158.08|
Info:     234000 |    30141     203858 |   26   974 |     98486|      12.68     170.76|
Info:     235000 |    30313     204686 |  172   828 |     97740|       7.13     177.89|
Info:     236000 |    30713     205286 |  400   600 |     97514|       8.63     186.52|
Info:     237000 |    30877     206122 |  164   836 |     97506|       2.05     188.57|
Info:     238000 |    31176     206823 |  299   701 |     97137|       4.91     193.48|
Info:     239000 |    31464     207535 |  288   712 |     96938|       5.31     198.79|
Info:     240000 |    31717     208282 |  253   747 |     98949|       8.46     207.25|
Info:     241000 |    31760     209239 |   43   957 |     98087|       0.59     207.84|
Info:     242000 |    31795     210204 |   35   965 |     97277|       0.44     208.29|
Info:     243000 |    31882     211117 |   87   913 |     96581|       3.06     211.35|
Info:     244000 |    31958     212041 |   76   924 |     96460|       3.28     214.63|
Info:     245000 |    32311     212688 |  353   647 |     96276|       7.39     222.02|
Info:     246000 |    32395     213604 |   84   916 |     96943|       5.52     227.54|
Info:     247000 |    32468     214531 |   73   927 |     96122|       5.76     233.30|
Info:     248000 |    32600     215399 |  132   868 |     96359|       6.09     239.40|
Info:     249000 |    32762     216237 |  162   838 |     96744|       2.58     241.97|
Info:     250000 |    32905     217094 |  143   857 |     96909|       0.49     242.46|
Info:     251000 |    32990     218009 |   85   915 |     96104|       0.93     243.39|
Info:     252000 |    33289     218710 |  299   701 |     95947|       9.53     252.92|
Info:     253000 |    33609     219390 |  320   680 |     95495|       9.00     261.92|
Info:     254000 |    33756     220243 |  147   853 |     95487|       3.28     265.20|
Info:     255000 |    34015     220984 |  259   741 |     98640|       5.99     271.19|
Info:     256000 |    34056     221943 |   41   959 |     97780|       0.70     271.88|
Info:     257000 |    34088     222911 |   32   968 |     96928|       0.50     272.38|
Info:     258000 |    34096     223903 |    8   992 |     95946|       0.39     272.78|
Info:     259000 |    34173     224826 |   77   923 |     95166|       2.05     274.83|
Info:     260000 |    34247     225752 |   74   926 |     95513|       2.10     276.92|
Info:     261000 |    34437     226562 |  190   810 |     95033|       5.35     282.28|
Info:     262000 |    34623     227376 |  186   814 |     95729|       0.81     283.09|
Info:     263000 |    34752     228247 |  129   871 |     95183|       0.51     283.60|
Info:     264000 |    34874     229125 |  122   878 |     96928|       1.84     285.44|
Info:     265000 |    34927     230072 |   53   947 |     96046|       1.58     287.02|
Info:     266000 |    35037     230962 |  110   890 |     95628|       0.81     287.83|
Info:     267000 |    35131     231868 |   94   906 |     95298|       0.82     288.65|
Info:     268000 |    35239     232760 |  108   892 |     95085|       2.73     291.38|
Info:     269000 |    35399     233600 |  160   840 |     95530|       1.50     292.88|
Info:     270000 |    35627     234372 |  228   772 |     94933|       6.85     299.73|
Info:     271000 |    35795     235204 |  168   832 |     97082|       3.37     303.10|
Info:     272000 |    35840     236159 |   45   955 |     96178|       0.50     303.61|
Info:     273000 |    35865     237134 |   25   975 |     95306|       0.86     304.47|
Info:     274000 |    35975     238024 |  110   890 |     99009|       4.05     308.52|
Info:     275000 |    35979     239020 |    4   996 |     98017|       1.65     310.17|
Info:     276000 |    35982     240017 |    3   997 |     97020|       0.53     310.70|
Info:     277000 |    35987     241012 |    5   995 |     96027|       0.52     311.23|
Info:     278000 |    35991     242008 |    4   996 |     95032|       0.48     311.71|
Info:     279000 |    36230     242769 |  239   761 |     94520|       8.12     319.83|
